// Jest Snapshot v1, https://goo.gl/fbAQLP

exports[`renders correctly 1`] = `
<div
  className="align"
>
  <h1>
    This is a test!
  </h1>
</div>
`;
